[PROGRESS] Executing DokkaGeneratorWorker with dokkaParameters: DokkaConfigurationImpl(moduleName=sdk, moduleVersion=null, outputDir=/home/leifj/work/siros.org/siros-sdk-kotlin/sdk/build/dokka/html, cacheRoot=null, offlineMode=false, sourceSets=[], pluginsClasspath=[/home/leifj/.gradle/caches/modules-2/files-2.1/org.jetbrains.dokka/templating-plugin/2.0.0/2c817817579cd8c92ded6f33fd9e6b746ecf01c7/templating-plugin-2.0.0.jar, /home/leifj/.gradle/caches/modules-2/files-2.1/org.jetbrains.dokka/dokka-base/2.0.0/dcce26b10e9af3b3f2eba0403d6a9561e6da9098/dokka-base-2.0.0.jar], pluginsConfiguration=[PluginConfigurationImpl(fqPluginName=org.jetbrains.dokka.base.DokkaBase, serializationFormat=JSON, values={"customAssets":[],"customStyleSheets":[],"separateInheritedMembers":false,"mergeImplicitExpectActualDeclarations":false}), PluginConfigurationImpl(fqPluginName=org.jetbrains.dokka.versioning.VersioningPlugin, serializationFormat=JSON, values={"olderVersions":[],"renderVersionsNavigationOnAllPages":true})], modules=[], failOnWarning=false, delayTemplateSubstitution=false, suppressObviousFunctions=true, includes=[], suppressInheritedMembers=false, finalizeCoroutines=false)
[PROGRESS] Initializing plugins
[INFO] Loaded plugins: [org.jetbrains.dokka.analysis.kotlin.descriptors.ide.IdeDescriptorAnalysisPlugin, org.jetbrains.dokka.analysis.kotlin.descriptors.compiler.CompilerDescriptorAnalysisPlugin, org.jetbrains.dokka.analysis.java.JavaAnalysisPlugin, org.jetbrains.dokka.templates.TemplatingPlugin, org.jetbrains.dokka.base.DokkaBase]
[INFO] Loaded: [
	ExtensionPoint: org.jetbrains.dokka.CoreExtensions/preGenerationCheck,
	ExtensionPoint: org.jetbrains.dokka.base.DokkaBase/immediateHtmlCommandConsumer,
	ExtensionPoint: org.jetbrains.dokka.CoreExtensions/pageTransformer,
	ExtensionPoint: org.jetbrains.dokka.base.DokkaBase/htmlPreprocessors,
	ExtensionPoint: org.jetbrains.dokka.base.DokkaBase/outputWriter,
	ExtensionPoint: org.jetbrains.dokka.base.DokkaBase/externalLocationProviderFactory,
	ExtensionPoint: org.jetbrains.dokka.base.DokkaBase/locationProviderFactory,
	ExtensionPoint: org.jetbrains.dokka.CoreExtensions/renderer,
	ExtensionPoint: org.jetbrains.dokka.base.DokkaBase/pageMergerStrategy,
	ExtensionPoint: org.jetbrains.dokka.base.DokkaBase/commentsToContentConverter,
	ExtensionPoint: org.jetbrains.dokka.CoreExtensions/documentableToPageTranslator,
	ExtensionPoint: org.jetbrains.dokka.CoreExtensions/documentableTransformer,
	ExtensionPoint: org.jetbrains.dokka.base.DokkaBase/signatureProvider,
	ExtensionPoint: org.jetbrains.dokka.base.DokkaBase/preMergeDocumentableTransformer,
	ExtensionPoint: org.jetbrains.dokka.CoreExtensions/documentableMerger,
	ExtensionPoint: org.jetbrains.dokka.CoreExtensions/generation,
	ExtensionPoint: org.jetbrains.dokka.templates.TemplatingPlugin/directiveBasedCommandHandlers,
	ExtensionPoint: org.jetbrains.dokka.templates.TemplatingPlugin/substitutor,
	ExtensionPoint: org.jetbrains.dokka.templates.TemplatingPlugin/templateProcessingStrategy,
	ExtensionPoint: org.jetbrains.dokka.templates.TemplatingPlugin/multimoduleTemplateProcessor,
	ExtensionPoint: org.jetbrains.dokka.templates.TemplatingPlugin/submoduleTemplateProcessor,
	ExtensionPoint: org.jetbrains.dokka.CoreExtensions/sourceToDocumentableTranslator,
	ExtensionPoint: org.jetbrains.dokka.analysis.java.JavaAnalysisPlugin/docCommentParsers,
	ExtensionPoint: org.jetbrains.dokka.analysis.java.JavaAnalysisPlugin/docCommentCreators,
	ExtensionPoint: org.jetbrains.dokka.CoreExtensions/postActions,
	ExtensionPoint: org.jetbrains.dokka.analysis.java.JavaAnalysisPlugin/kotlinLightMethodChecker,
	ExtensionPoint: org.jetbrains.dokka.analysis.java.JavaAnalysisPlugin/inheritDocTagContentProviders,
	ExtensionPoint: org.jetbrains.dokka.analysis.java.JavaAnalysisPlugin/sourceRootsExtractor,
	ExtensionPoint: org.jetbrains.dokka.analysis.java.JavaAnalysisPlugin/projectProvider,
	ExtensionPoint: org.jetbrains.dokka.analysis.kotlin.KotlinAnalysisPlugin/externalDocumentableProvider,
	ExtensionPoint: org.jetbrains.dokka.analysis.kotlin.internal.InternalKotlinAnalysisPlugin/inheritanceBuilder,
	ExtensionPoint: org.jetbrains.dokka.analysis.kotlin.internal.InternalKotlinAnalysisPlugin/kotlinToJavaService,
	ExtensionPoint: org.jetbrains.dokka.analysis.kotlin.internal.InternalKotlinAnalysisPlugin/moduleAndPackageDocumentationReader,
	ExtensionPoint: org.jetbrains.dokka.analysis.kotlin.internal.InternalKotlinAnalysisPlugin/syntheticDocumentableDetector,
	ExtensionPoint: org.jetbrains.dokka.analysis.kotlin.KotlinAnalysisPlugin/sampleAnalysisEnvironmentCreator,
	ExtensionPoint: org.jetbrains.dokka.analysis.kotlin.internal.InternalKotlinAnalysisPlugin/fullClassHierarchyBuilder,
	ExtensionPoint: org.jetbrains.dokka.analysis.kotlin.descriptors.compiler.CompilerDescriptorAnalysisPlugin/kotlinAnalysis,
	ExtensionPoint: org.jetbrains.dokka.analysis.kotlin.internal.InternalKotlinAnalysisPlugin/documentableSourceLanguageParser,
	ExtensionPoint: org.jetbrains.dokka.analysis.kotlin.descriptors.compiler.CompilerDescriptorAnalysisPlugin/analysisContextCreator,
	ExtensionPoint: org.jetbrains.dokka.analysis.kotlin.descriptors.compiler.CompilerDescriptorAnalysisPlugin/mockApplicationHack,
	ExtensionPoint: org.jetbrains.dokka.analysis.kotlin.descriptors.compiler.CompilerDescriptorAnalysisPlugin/klibService,
	ExtensionPoint: org.jetbrains.dokka.analysis.kotlin.descriptors.compiler.CompilerDescriptorAnalysisPlugin/descriptorFinder,
	ExtensionPoint: org.jetbrains.dokka.analysis.kotlin.descriptors.compiler.CompilerDescriptorAnalysisPlugin/kdocFinder,
	Extension: org.jetbrains.dokka.base.DokkaBase/sourceSetIdUniquenessChecker,
	Extension: org.jetbrains.dokka.analysis.kotlin.descriptors.compiler.CompilerDescriptorAnalysisPlugin/sourceRootIndependentChecker,
	Extension: org.jetbrains.dokka.base.DokkaBase/pathToRootConsumer,
	Extension: org.jetbrains.dokka.base.DokkaBase/replaceVersionConsumer,
	Extension: org.jetbrains.dokka.base.DokkaBase/resolveLinkConsumer,
	Extension: org.jetbrains.dokka.base.DokkaBase/defaultSamplesTransformer,
	Extension: org.jetbrains.dokka.base.DokkaBase/sourceSetMerger,
	Extension: org.jetbrains.dokka.base.DokkaBase/pageMerger,
	Extension: org.jetbrains.dokka.base.DokkaBase/rootCreator,
	Extension: org.jetbrains.dokka.base.DokkaBase/sourcesetDependencyAppender,
	Extension: org.jetbrains.dokka.base.DokkaBase/packageListCreator,
	Extension: org.jetbrains.dokka.base.DokkaBase/assetsInstaller,
	Extension: org.jetbrains.dokka.base.DokkaBase/stylesInstaller,
	Extension: org.jetbrains.dokka.base.DokkaBase/scriptsInstaller,
	Extension: org.jetbrains.dokka.base.DokkaBase/customResourceInstaller,
	Extension: org.jetbrains.dokka.base.DokkaBase/navigationPageInstaller,
	Extension: org.jetbrains.dokka.base.DokkaBase/sourceLinksTransformer,
	Extension: org.jetbrains.dokka.base.DokkaBase/baseSearchbarDataInstaller,
	Extension: org.jetbrains.dokka.base.DokkaBase/fileWriter,
	Extension: org.jetbrains.dokka.base.DokkaBase/dokkaLocationProvider,
	Extension: org.jetbrains.dokka.base.DokkaBase/javadocLocationProvider,
	Extension: org.jetbrains.dokka.base.DokkaBase/locationProvider,
	Extension: org.jetbrains.dokka.base.DokkaBase/htmlRenderer,
	Extension: org.jetbrains.dokka.base.DokkaBase/sameMethodNameMerger,
	Extension: org.jetbrains.dokka.base.DokkaBase/fallbackMerger,
	Extension: org.jetbrains.dokka.base.DokkaBase/docTagToContentConverter,
	Extension: org.jetbrains.dokka.base.DokkaBase/documentableToPageTranslator,
	Extension: org.jetbrains.dokka.base.DokkaBase/extensionsExtractor,
	Extension: org.jetbrains.dokka.base.DokkaBase/undocumentedCodeReporter,
	Extension: org.jetbrains.dokka.base.DokkaBase/inheritorsExtractor,
	Extension: org.jetbrains.dokka.base.DokkaBase/actualTypealiasAdder,
	Extension: org.jetbrains.dokka.base.DokkaBase/kotlinSignatureProvider,
	Extension: org.jetbrains.dokka.base.DokkaBase/modulesAndPackagesDocumentation,
	Extension: org.jetbrains.dokka.base.DokkaBase/inheritedEntriesVisbilityFilter,
	Extension: org.jetbrains.dokka.base.DokkaBase/obviousFunctionsVisbilityFilter,
	Extension: org.jetbrains.dokka.base.DokkaBase/documentableVisibilityFilter,
	Extension: org.jetbrains.dokka.base.DokkaBase/jvmMappedMethodsFilter,
	Extension: org.jetbrains.dokka.base.DokkaBase/kotlinArrayDocumentableReplacer,
	Extension: org.jetbrains.dokka.base.DokkaBase/suppressedBySuppressTagDocumentableFilter,
	Extension: org.jetbrains.dokka.base.DokkaBase/suppressedDocumentableFilter,
	Extension: org.jetbrains.dokka.base.DokkaBase/deprecatedDocumentableFilter,
	Extension: org.jetbrains.dokka.base.DokkaBase/emptyPackagesFilter,
	Extension: org.jetbrains.dokka.base.DokkaBase/emptyModulesFilter,
	Extension: org.jetbrains.dokka.base.DokkaBase/documentableMerger,
	Extension: org.jetbrains.dokka.base.DokkaBase/singleGeneration,
	Extension: org.jetbrains.dokka.templates.TemplatingPlugin/replaceVersionCommandHandler,
	Extension: org.jetbrains.dokka.templates.TemplatingPlugin/substitutionCommandHandler,
	Extension: org.jetbrains.dokka.templates.TemplatingPlugin/addToNavigationCommandHandler,
	Extension: org.jetbrains.dokka.templates.TemplatingPlugin/projectNameSubstitutor,
	Extension: org.jetbrains.dokka.templates.TemplatingPlugin/pathToRootSubstitutor,
	Extension: org.jetbrains.dokka.templates.TemplatingPlugin/packageListProcessingStrategy,
	Extension: org.jetbrains.dokka.templates.TemplatingPlugin/pagesSearchTemplateStrategy,
	Extension: org.jetbrains.dokka.templates.TemplatingPlugin/sourcesetDependencyProcessingStrategy,
	Extension: org.jetbrains.dokka.templates.TemplatingPlugin/directiveBasedHtmlTemplateProcessingStrategy,
	Extension: org.jetbrains.dokka.templates.TemplatingPlugin/fallbackProcessingStrategy,
	Extension: org.jetbrains.dokka.templates.TemplatingPlugin/defaultMultiModuleTemplateProcessor,
	Extension: org.jetbrains.dokka.templates.TemplatingPlugin/defaultSubmoduleTemplateProcessor,
	Extension: org.jetbrains.dokka.analysis.java.JavaAnalysisPlugin/psiToDocumentableTranslator,
	Extension: org.jetbrains.dokka.analysis.kotlin.descriptors.compiler.CompilerDescriptorAnalysisPlugin/descriptorToDocumentableTranslator,
	Extension: org.jetbrains.dokka.analysis.java.JavaAnalysisPlugin/javaDocCommentParser,
	Extension: org.jetbrains.dokka.analysis.kotlin.descriptors.compiler.CompilerDescriptorAnalysisPlugin/kotlinDocCommentParser,
	Extension: org.jetbrains.dokka.analysis.java.JavaAnalysisPlugin/javaDocCommentCreator,
	Extension: org.jetbrains.dokka.analysis.kotlin.descriptors.compiler.CompilerDescriptorAnalysisPlugin/kotlinDocCommentCreator,
	Extension: org.jetbrains.dokka.analysis.kotlin.descriptors.compiler.CompilerDescriptorAnalysisPlugin/disposeKotlinAnalysisPostAction,
	Extension: org.jetbrains.dokka.analysis.kotlin.descriptors.compiler.CompilerDescriptorAnalysisPlugin/kotlinLightMethodChecker,
	Extension: org.jetbrains.dokka.analysis.kotlin.descriptors.compiler.CompilerDescriptorAnalysisPlugin/inheritDocTagProvider,
	Extension: org.jetbrains.dokka.analysis.kotlin.descriptors.compiler.CompilerDescriptorAnalysisPlugin/sourceRootsExtractor,
	Extension: org.jetbrains.dokka.analysis.kotlin.descriptors.compiler.CompilerDescriptorAnalysisPlugin/projectProvider,
	Extension: org.jetbrains.dokka.analysis.kotlin.descriptors.compiler.CompilerDescriptorAnalysisPlugin/descriptorExternalDocumentableProvider,
	Extension: org.jetbrains.dokka.analysis.kotlin.descriptors.compiler.CompilerDescriptorAnalysisPlugin/descriptorInheritanceBuilder,
	Extension: org.jetbrains.dokka.analysis.kotlin.descriptors.compiler.CompilerDescriptorAnalysisPlugin/kotlinToJavaMapper,
	Extension: org.jetbrains.dokka.analysis.kotlin.descriptors.compiler.CompilerDescriptorAnalysisPlugin/moduleAndPackageDocumentationReader,
	Extension: org.jetbrains.dokka.analysis.kotlin.descriptors.compiler.CompilerDescriptorAnalysisPlugin/descriptorSyntheticDocumentableDetector,
	Extension: org.jetbrains.dokka.analysis.kotlin.descriptors.compiler.CompilerDescriptorAnalysisPlugin/descriptorSampleAnalysisEnvironmentCreator,
	Extension: org.jetbrains.dokka.analysis.kotlin.descriptors.compiler.CompilerDescriptorAnalysisPlugin/descriptorFullClassHierarchyBuilder,
	Extension: org.jetbrains.dokka.analysis.kotlin.descriptors.compiler.CompilerDescriptorAnalysisPlugin/defaultKotlinAnalysis,
	Extension: org.jetbrains.dokka.analysis.kotlin.descriptors.compiler.CompilerDescriptorAnalysisPlugin/documentableAnalyzerImpl,
	Extension: org.jetbrains.dokka.analysis.kotlin.descriptors.ide.IdeDescriptorAnalysisPlugin/ideAnalysisContextCreator,
	Extension: org.jetbrains.dokka.analysis.kotlin.descriptors.ide.IdeDescriptorAnalysisPlugin/ideApplicationHack,
	Extension: org.jetbrains.dokka.analysis.kotlin.descriptors.ide.IdeDescriptorAnalysisPlugin/ideKlibService,
	Extension: org.jetbrains.dokka.analysis.kotlin.descriptors.ide.IdeDescriptorAnalysisPlugin/ideDescriptorFinder,
	Extension: org.jetbrains.dokka.analysis.kotlin.descriptors.ide.IdeDescriptorAnalysisPlugin/ideKdocFinder
]
[INFO] Suppressed: [

]
[PROGRESS] Dokka is performing: documentation for sdk
[PROGRESS] Validity check
[PROGRESS] Creating documentation models
[PROGRESS] Exiting Generation: Nothing to document
[INFO] 

 === TIME MEASUREMENT ===

                   Initializing plugins: 19
                         Validity check:  0
          Creating documentation models:  3

[INFO] DokkaGeneratorWorker completed in PT0.022421807S
